[takeoffmilan.com/index.html]
[takeoffmilan.com/cdn/shop/files/Impact90b8.png]
[backblue.gif]
[fade.gif]
[index.html]
[takeoffmilan.com/cdn/shop/t/2/assets/constants23e9.js]
[takeoffmilan.com/cdn/shop/t/2/assets/pubsub945d.js]
[takeoffmilan.com/cdn/shop/t/2/assets/global1cbf.js]
[takeoffmilan.com/cdn/shop/t/2/assets/animations675f.js]
[takeoffmilan.com/checkouts/internal/preloads0cea.js]
[takeoffmilan.com/cdn/shopifycloud/shop-js/modules/v2/loader.init-shop-cart-sync.it.esm.js]
[cdn.shopify.com/shopifycloud/storefront-forms-hcaptcha/ce_storefront_forms_captcha_hcaptcha.v1.5.2.iife.js]
[takeoffmilan.com/cdn/shopifycloud/storefront/assets/storefront/load_feature-1bd60354.js]
[takeoffmilan.com/cdn/shopifycloud/portable-wallets/latest/portable-wallets.it.js]
[takeoffmilan.com/cdn/shopifycloud/privacy-banner/storefront-banner.js]
[takeoffmilan.com/cdn/shopifycloud/portable-wallets/latest/accelerated-checkout-backwards-compat.css]
[takeoffmilan.com/cdn/fonts/figtree/figtree_n4.3c0838aba1701047e60be6a99a1b0a40ce9b8419.woff2]
[takeoffmilan.com/cdn/fonts/figtree/figtree_n4.c0575d1db21fc3821f17fd6617d3dee552312137.woff]
[takeoffmilan.com/cdn/fonts/figtree/figtree_n7.2fd9bfe01586148e644724096c9d75e8c7a90e55.woff2]
[takeoffmilan.com/cdn/fonts/figtree/figtree_n7.ea05de92d862f9594794ab281c4c3a67501ef5fc.woff]
[takeoffmilan.com/cdn/fonts/figtree/figtree_i4.89f7a4275c064845c304a4cf8a4a586060656db2.woff2]
[takeoffmilan.com/cdn/fonts/figtree/figtree_i4.6f955aaaafc55a22ffc1f32ecf3756859a5ad3e2.woff]
[takeoffmilan.com/cdn/fonts/figtree/figtree_i7.06add7096a6f2ab742e09ec7e498115904eda1fe.woff2]
[takeoffmilan.com/cdn/fonts/figtree/figtree_i7.ee584b5fcaccdbb5518c0228158941f8df81b101.woff]
[takeoffmilan.com/cdn/shop/t/2/assets/base8ba3.css]
[takeoffmilan.com/cdn/shop/t/2/assets/component-localization-formfc50.css]
[takeoffmilan.com/cdn/shop/t/2/assets/localization-formcb6e.js]
[takeoffmilan.com/cdn/shop/t/2/assets/component-predictive-search8dd9.css]
[takeoffmilan.com/cdn/shop/t/2/assets/wishlistdc63.js]
[takeoffmilan.com/POST]
[takeoffmilan.com/cdn]
[takeoffmilan.com/cdn/s/trekkie.storefront.40cf76d5f324d17d3a4347e25c36a3e219ef9f79.min.js]
[takeoffmilan.com/cdn/shopifycloud/storefront/assets/shop_events_listener-3da45d37.js]
[takeoffmilan.com/cdn/shopifycloud/perf-kit/shopify-perf-kit-3.3.1.min.js]
[takeoffmilan.com/cdn/shop/files/logoe042.png]
[takeoffmilan.com/pages/contact.html]
[takeoffmilan.com/pages/portfolio.html]
[takeoffmilan.com/pages/store-development]
[takeoffmilan.com/pages/seo]
[takeoffmilan.com/pages/video-editing]
[takeoffmilan.com/pages/advertising]
[takeoffmilan.com/cdn/shop/files/Screenshot_2026-04-17_093913ea08.png]
[takeoffmilan.com/cdn/shop/files/Screenshot_2026-04-05_0022224f33.png]
[takeoffmilan.com/cdn/shop/files/Screenshot_2026-04-17_093702ea08.png]
[cdn.shopify.com/s/files/1/1007/4256/2132/files/252d95.png]
[cdn.shopify.com/s/files/1/1007/4256/2132/files/24f312.png]
[cdn.shopify.com/s/files/1/1007/4256/2132/files/23ca58.png]
[cdn.shopify.com/s/files/1/1007/4256/2132/files/225bb9.png]
[cdn.shopify.com/s/files/1/1007/4256/2132/files/211afa.png]
[cdn.shopify.com/s/files/1/1007/4256/2132/files/20ad82.png]
[cdn.shopify.com/s/files/1/1007/4256/2132/files/15e0d7.png]
[cdn.shopify.com/s/files/1/1007/4256/2132/files/1623d8.png]
[cdn.shopify.com/s/files/1/1007/4256/2132/files/17196a.png]
[cdn.shopify.com/s/files/1/1007/4256/2132/files/348423.png]
[cdn.shopify.com/s/files/1/1007/4256/2132/files/35578f.png]
[cdn.shopify.com/s/files/1/1007/4256/2132/files/368423.png]
[cdn.shopify.com/s/files/1/1007/4256/2132/files/378423.png]
[cdn.shopify.com/s/files/1/1007/4256/2132/files/388423.png]
[takeoffmilan.com/cdn/shop/t/2/assets/section-footer5af0.css]
[takeoffmilan.com/cdn/shop/t/2/assets/component-newsletter95aa.css]
[takeoffmilan.com/cdn/shop/t/2/assets/component-list-menu995a.css]
[takeoffmilan.com/cdn/shop/t/2/assets/component-list-payment2c29.css]
[takeoffmilan.com/cdn/shop/t/2/assets/component-list-sociala718.css]
[takeoffmilan.com/policies/privacy-policy.html]
[takeoffmilan.com/index.html]
[takeoffmilan.com/cdn/shopifycloud/portable-wallets/latest/accelerated-checkout-backwards-compat.css]
[takeoffmilan.com/cdn/shop/t/2/assets/predictive-search5883.js]
[takeoffmilan.com/cdn/shop/t/2/assets/sparkle.gif]
[takeoffmilan.com/cdn/shop/t/2/assets/base8ba3.css]
[takeoffmilan.com/cdn/shop/t/2/assets/component-localization-formfc50.css]
[takeoffmilan.com/cdn/shop/t/2/assets/component-predictive-search8dd9.css]
[takeoffmilan.com/POST.html]
[takeoffmilan.com/cdn.html]
[takeoffmilan.com/pages/POST]
[takeoffmilan.com/pages/contact.html]
[takeoffmilan.com/cdn/shop/t/2/assets/section-rich-text77dc.css]
[cdn.shopify.com/s/files/1/1007/4256/2132/files/2606f5.png]
[cdn.shopify.com/s/files/1/1007/4256/2132/files/276dfd.png]
[cdn.shopify.com/s/files/1/1007/4256/2132/files/28aa6c.png]
[takeoffmilan.com/pages/portfolio.html]
[takeoffmilan.com/pages/store-development.html]
[takeoffmilan.com/pages/seo.html]
[takeoffmilan.com/pages/video-editing.html]
[takeoffmilan.com/pages/advertising.html]
[takeoffmilan.com/cdn/shop/t/2/assets/section-footer5af0.css]
[takeoffmilan.com/cdn/shop/t/2/assets/component-newsletter95aa.css]
[takeoffmilan.com/cdn/shop/t/2/assets/component-list-menu995a.css]
[takeoffmilan.com/cdn/shop/t/2/assets/component-list-payment2c29.css]
[takeoffmilan.com/cdn/shop/t/2/assets/component-list-sociala718.css]
[takeoffmilan.com/cdn/shopifycloud/storefront/assets/storefront/policy-0e156355.css]
[takeoffmilan.com/policies/POST]
[takeoffmilan.com/policies/privacy-policy.html]
[takeoffmilan.com/pages/POST.html]
[takeoffmilan.com/cdn/shop/t/2/assets/section-rich-text77dc.css]
[takeoffmilan.com/cdn/shopifycloud/storefront/assets/storefront/policy-0e156355.css]
[takeoffmilan.com/policies/POST.html]
